
> student-engagement-app@0.1.0 build
> prisma generate && next build

Environment variables loaded from .env
Prisma schema loaded from prisma\schema.prisma

Γ£ö Generated Prisma Client (v5.22.0) to .\node_modules\@prisma\client in 178ms

Start by importing your Prisma Client (See: https://pris.ly/d/importing-client)

Tip: Interested in query caching in just a few lines of code? Try Accelerate today! https://pris.ly/tip-3-accelerate

node.exe : ΓÜá 
Invalid 
next.config.ts 
options detected: 
At line:1 char:1
+ & "C:\Program Files
\nodejs/node.exe" 
"C:\Program 
Files\nodejs/node_mo 
...
+ ~~~~~~~~~~~~~~~~~~~
~~~~~~~~~~~~~~~~~~~~~
~~~~~~~~~~~~~~~~~~~~~
~~~~~~~~
    + CategoryInfo   
           : NotSpe  
  cified: (ΓÜá Inv   
 alid nex...ions     
detected: :Strin    
g) [], RemoteExc    
eption
    + FullyQualified 
   ErrorId : Native  
  CommandError
 
ΓÜá     Unrecognized 
key(s) in object: 'se
rverComponentsExterna
lPackages' at 
"experimental"
ΓÜá See more info 
here: https://nextjs.
org/docs/messages/inv
alid-next-config
ΓÜá `experimental.ser
verComponentsExternal
Packages` has been 
moved to `serverExter
nalPackages`. Please 
update your 
next.config.ts file 
accordingly.
Γû▓ Next.js 16.1.1 (Turbopack)
- Environments: .env
- Experiments (use with caution):
  ? serverComponentsExternalPackages (invalid experimental key)

  Creating an optimized production build ...
Γ£ô Compiled successfully in 10.5s
  Running TypeScript ...
Failed to compile.

./app/dashboard/stude
nt/page.tsx:387:80
Type error: Property 
'fromUser' does not 
exist on type 
'Feedback'.

[0m [90m 385 
|[39m               
                     
 [33m>[39m
 [90m 386 |[39m    
                     
                [33m
<[39m[33mdiv[39m c
lassName[33m=[39m[
32m"feedbackHeader"[
39m[33m>[39m
[31m[1m>[22m[39m
[90m 387 |[39m      
                     
                  [3
3m<[39m[33mspan[39
m className[33m=[39
m[32m"mentorName"[3
9m[33m>[39m{item[3
3m.[39mfromUser}[33
m<[39m[33m/[39m[3
3mspan[39m[33m>[39
m
 [90m     |[39m    
                     
                     
                     
             
[31m[1m^[22m[39m
 [90m 388 |[39m    
                     
                    
[33m<[39m[33mspan[
39m 
style[33m=[39m{{ 
fontSize[33m:[39m 
[32m'0.75rem'[39m[3
3m,[39m 
color[33m:[39m 
[32m'#94a3b8'[39m }
}[33m>[39m{item[33
m.[39mproject}[33m<
[39m[33m/[39m[33m
span[39m[33m>[39m
 [90m 389 |[39m    
                     
                [33m
<[39m[33m/[39m[33
mdiv[39m[33m>[39m
 [90m 390 |[39m    
                     
                [33m
<[39m[33mp[39m cla
ssName[33m=[39m[32
m"feedbackText"[39m
[33m>[39m[32m"{item
.comment}"[39m[33m<
[39m[33m/[39m[33m
p[39m[33m>[39m[0m
Next.js build worker 
exited with code: 1 
and signal: null
